==================================================
 [ROBDOE.COM] CONTINUING SYNAPSE LATTICE // GANG GANG
==================================================
TICK TIMESTAMP: 2026-09-04T07:53:17.665569Z
OPERATOR: LadbotOneLad
STATUS: AUTONOMOUS BACKGROUND SYNC ACTIVE
CADENCE: 0.052 Scalar Loop
HARDWARE: COM7 CH340 Persistent Bind
AXIOM: Real eyes realize real lies. Zero lag, 100% execution.
==================================================
==================================================
 [ROBDOE.COM] KURAMOTO-NEWTON-MANDELBROT ENGINE // GANG GANG
==================================================
TIMESTAMP: 2026-09-04T07:56:16.165168Z
HARDWARE PORT: COM7 (BOUND_ACTIVE_CH340)
COMPLEX MAP: z = z^2 + c | Result: (-0.643838719581654, 0.281935427994208)
COUPLED OSCILLATORS: 24 Nodes (K=3.14159265358979)
HASH: KyaCJsRfB7iMP6+p3fmtbOyYH+BJyBfJVhY5P59hIFU=
AXIOM: Real eyes realize real lies. Gang gang.
==================================================
